// Jest Snapshot v1, https://goo.gl/fbAQLP

exports[`RenameGroup RenameGroup component renders correctly 1`] = `
<Component
  hardwareAccelerated={false}
  transparent={true}
  visible={true}
>
  <View
    style={
      Object {
        "alignItems": "center",
        "backgroundColor": "#2222234D",
        "height": 1334,
        "justifyContent": "center",
        "width": 750,
      }
    }
  >
    <View
      style={
        Object {
          "alignItems": "center",
          "backgroundColor": "#ffffff",
          "borderRadius": 15,
          "height": 527.3571428571429,
          "width": 650,
        }
      }
    >
      <View
        style={
          Object {
            "alignItems": "center",
            "borderColor": "#E6ECED",
            "flexDirection": "row",
            "height": 87.07142857142857,
            "justifyContent": "center",
            "width": "100%",
          }
        }
      >
        <ForwardRef
          activeOpacity={1}
          style={
            Object {
              "marginLeft": "auto",
              "marginRight": 41.94,
            }
          }
        >
          <Image
            source={
              Object {
                "default": "",
              }
            }
            style={
              Object {
                "aspectRatio": 1,
                "height": 17.28,
              }
            }
          />
        </ForwardRef>
      </View>
      <View
        style={
          Object {
            "alignItems": "center",
            "justifyContent": "center",
            "width": "80%",
          }
        }
      >
        <Text
          style={
            Object {
              "color": "#1F1F60",
              "fontFamily": "BananaGrotesk-Bold",
              "fontSize": 30,
              "letterSpacing": -0.14,
            }
          }
        >
          Rename Group
        </Text>
      </View>
      <View
        style={
          Object {
            "backgroundColor": "#FFFFFF",
            "borderBottomColor": "#E6ECED",
            "borderBottomWidth": 1,
            "borderRadius": 10,
            "marginTop": 77.21428571428571,
            "width": 546,
          }
        }
      >
        <Component
          allowFontScaling={true}
          autoCorrect={false}
          maxLength={75}
          multiline={true}
          onChangeText={[Function]}
          placeholder="Write something..."
          placeholderTextColor="#8F8FAF"
          rejectResponderTermination={true}
          selectionColor="#7B46E4"
          spellCheck={false}
          style={
            Array [
              undefined,
              Object {
                "color": "#000080",
              },
            ]
          }
          underlineColorAndroid="transparent"
          value=""
        />
      </View>
      <View
        style={
          Object {
            "marginBottom": 65.71428571428571,
            "marginTop": "auto",
          }
        }
      >
        <MediumThinButton
          disabled={false}
          onPress={[Function]}
          style={Object {}}
          title="Save"
        />
      </View>
    </View>
  </View>
</Component>
`;
