// Jest Snapshot v1, https://goo.gl/fbAQLP

exports[`ReactionBubbles ReactionBubbles component renders correctly 1`] = `
<View
  style={
    Object {
      "backgroundColor": "white",
      "borderBottomColor": "#E6ECED",
      "borderBottomWidth": 1,
      "height": 251.86197916666669,
      "width": 750,
    }
  }
>
  <FlatList
    data={
      Array [
        Object {
          "id": "1",
          "image": Object {
            "default": "",
          },
        },
        Object {
          "id": "bd7acbea-c1b1-46c2-aed5-3ad53abb28ba",
          "image1": Object {
            "default": "",
          },
          "image2": Object {
            "default": "",
          },
          "name": "Amelia",
          "seen": false,
        },
        Object {
          "id": "3ac68afc-c605-48d3-a4f8-fbd9a97f63",
          "image1": Object {
            "default": "",
          },
          "image2": Object {
            "default": "",
          },
          "name": "Amelia",
          "seen": true,
        },
        Object {
          "id": "58694a0f-3da1-471f-bd96-1455e29d72",
          "image1": Object {
            "default": "",
          },
          "image2": Object {
            "default": "",
          },
          "name": "Amelia",
          "seen": true,
        },
        Object {
          "id": "58694a0f-3da1-471f-bd9645571e29d72",
          "image1": Object {
            "default": "",
          },
          "image2": Object {
            "default": "",
          },
          "name": "Amelia",
          "seen": false,
        },
        Object {
          "id": "58694a0f-3da1-471f-96-145571e29d72",
          "image1": Object {
            "default": "",
          },
          "image2": Object {
            "default": "",
          },
          "name": "Amelia",
          "seen": false,
        },
        Object {
          "id": "58694a0f-a1-471f-bd96-145571e29d72",
          "image1": Object {
            "default": "",
          },
          "image2": Object {
            "default": "",
          },
          "name": "Amelia",
          "seen": false,
        },
        Object {
          "id": "58694a0a1-471f-bd96-145571e29d72",
          "image1": Object {
            "default": "",
          },
          "image2": Object {
            "default": "",
          },
          "name": "Amelia",
          "seen": false,
        },
        Object {
          "id": "58694a0f-3da1-471f-bd96571e29d72",
          "image1": Object {
            "default": "",
          },
          "image2": Object {
            "default": "",
          },
          "name": "Amelia",
          "seen": false,
        },
      ]
    }
    disableVirtualization={false}
    horizontal={true}
    initialNumToRender={10}
    keyExtractor={[Function]}
    maxToRenderPerBatch={10}
    numColumns={1}
    onEndReachedThreshold={2}
    removeClippedSubviews={false}
    renderItem={[Function]}
    scrollEventThrottle={50}
    showsHorizontalScrollIndicator={false}
    style={
      Object {
        "height": "100%",
        "top": 29.528645833333336,
      }
    }
    updateCellsBatchingPeriod={50}
    windowSize={21}
  />
</View>
`;
