// Jest Snapshot v1, https://goo.gl/fbAQLP

exports[`ForgotPasswordScreen rendering should match to snapshot 1`] = `
<View
  style={
    Object {
      "backgroundColor": "white",
      "flex": 1,
    }
  }
>
  <View
    style={
      Object {
        "backgroundColor": "white",
        "height": 58.188802083333336,
        "width": "100%",
      }
    }
  />
  <View
    style={
      Object {
        "backgroundColor": "white",
        "flex": 1,
      }
    }
  >
    <ForwardRef
      onPress={[Function]}
      style={
        Object {
          "left": 54,
          "position": "absolute",
          "top": 2.60546875,
        }
      }
    >
      <Image
        source={
          Object {
            "default": "",
          }
        }
        style={
          Object {
            "height": 31.265625,
            "resizeMode": "contain",
            "width": 36,
          }
        }
      />
    </ForwardRef>
    <View
      style={
        Object {
          "alignItems": "center",
          "justifyContent": "center",
        }
      }
    >
      <Image
        source={
          Object {
            "default": "",
          }
        }
        style={
          Object {
            "height": 217.04179999999997,
            "marginTop": 133.4,
            "resizeMode": "contain",
            "width": 434.99999999999994,
          }
        }
      />
      <Text
        style={
          Object {
            "fontFamily": "BananaGrotesk-Medium",
            "fontSize": 38,
            "marginTop": "3%",
          }
        }
      >
        Forgot Password?
      </Text>
      <Text
        style={
          Object {
            "fontFamily": "BananaGrotesk-Light",
            "fontSize": 28,
            "marginHorizontal": "20%",
            "marginTop": "2%",
            "textAlign": "center",
          }
        }
      >
        Enter your email associated with your account.
      </Text>
      <View
        style={
          Object {
            "marginTop": 118.11458333333334,
            "width": 550,
          }
        }
      >
        <TextInputComponent
          borderBottomColor="#7B46E4"
          borderBottomStyle={Object {}}
          captureText={[Function]}
          onBlur={[Function]}
          onFocus={[Function]}
          placeholder="Email /Phone No."
          placeholderTextColor="#8F8FAF"
        />
      </View>
    </View>
    <View
      style={
        Object {
          "alignItems": "center",
          "justifyContent": "center",
          "marginTop": 88.5776,
        }
      }
    >
      <MediumButton
        disabled={false}
        onPress={[Function]}
        outline={false}
        style={Object {}}
        title="Continue"
      />
      <View
        style={
          Object {
            "alignItems": "center",
            "flexDirection": "row",
            "justifyContent": "center",
            "marginTop": 266.8,
          }
        }
      >
        <Text
          style={
            Object {
              "color": "#1F1F60",
              "fontFamily": "BananaGrotesk-Regular",
              "fontSize": 31,
            }
          }
        >
          Not an user? 
        </Text>
        <ClickableText
          onPress={[Function]}
          style={Object {}}
          text="Sign up"
          textStyle={
            Object {
              "color": "#7B46E4",
              "fontFamily": "BananaGrotesk-Bold",
            }
          }
        />
      </View>
    </View>
  </View>
</View>
`;
