// Jest Snapshot v1, https://goo.gl/fbAQLP

exports[`FriendSuggestion rendering should match to snapshot 1`] = `
<View
  style={
    Object {
      "flex": 1,
    }
  }
>
  <View
    style={
      Object {
        "backgroundColor": "white",
        "height": 58.188802083333336,
        "width": "100%",
      }
    }
  />
  <Header
    container={
      Object {
        "backgroundColor": "white",
      }
    }
    count={3}
    isProgressBarVisible={true}
    onPressBack={[Function]}
    onPressRight={[Function]}
    progressContainer={Object {}}
    rightText="Skip"
    rightTextStyle={Object {}}
  />
  <View
    style={
      Object {
        "backgroundColor": "white",
        "height": 146.74,
      }
    }
  >
    <Text
      style={
        Object {
          "color": "#1F1F60",
          "fontFamily": "BananaGrotesk-Bold",
          "fontSize": 35,
          "marginLeft": 50.25,
          "marginTop": 53.36,
        }
      }
    >
      Suggested friends
    </Text>
  </View>
  <View
    style={
      Object {
        "backgroundColor": "#E6ECED",
        "height": 1,
      }
    }
  />
  <View
    style={
      Object {
        "backgroundColor": "white",
        "flex": 1,
      }
    }
  >
    <View
      style={
        Object {
          "flex": 1,
          "marginHorizontal": 41.99999999999999,
        }
      }
    >
      <FlatList
        ItemSeparatorComponent={[Function]}
        ListFooterComponent={[Function]}
        ListHeaderComponent={[Function]}
        data={Array []}
        disableVirtualization={false}
        extraData={Array []}
        horizontal={false}
        initialNumToRender={10}
        keyExtractor={[Function]}
        maxToRenderPerBatch={10}
        numColumns={1}
        onEndReachedThreshold={2}
        removeClippedSubviews={false}
        renderItem={[Function]}
        scrollEventThrottle={50}
        showsVerticalScrollIndicator={false}
        updateCellsBatchingPeriod={50}
        windowSize={21}
      />
    </View>
  </View>
  <LinearGradient
    colors={
      Array [
        "#FFFFFF00",
        "#F7F7F7",
      ]
    }
    end={
      Object {
        "x": 0.5,
        "y": 1,
      }
    }
    start={
      Object {
        "x": 0.5,
        "y": 0,
      }
    }
    style={
      Object {
        "alignItems": "center",
        "bottom": 0,
        "height": 237.45200000000003,
        "justifyContent": "center",
        "position": "absolute",
        "width": "100%",
      }
    }
  >
    <LargeButton
      disabled={false}
      onPress={[Function]}
      style={Object {}}
      title="Done"
    />
  </LinearGradient>
</View>
`;
