// Jest Snapshot v1, https://goo.gl/fbAQLP

exports[`Search Results Polls Screen should render the component itself correctly 1`] = `
<View
  style={
    Object {
      "alignItems": "center",
      "flex": 1,
      "justifyContent": "center",
    }
  }
>
  <ScrollViewMock
    showsVerticalScrollIndicator={false}
  >
    <View
      style={
        Object {
          "marginVertical": 4,
          "width": 650,
        }
      }
    >
      <View
        key="0"
        style={
          Object {
            "marginVertical": 20,
          }
        }
      >
        <relatedPoll
          border={true}
          isPollActive={true}
          onPressVote={[Function]}
          option={
            Array [
              "India",
              "West Indies",
              "Australia",
              "England",
            ]
          }
          question="Who are your favorites for the World Cup 2020?"
          timeLeft={2}
          voterIcons={
            Array [
              Object {
                "default": "",
              },
              Object {
                "default": "",
              },
              Object {
                "default": "",
              },
            ]
          }
          votes={54}
        />
      </View>
      <View
        key="1"
        style={
          Object {
            "marginVertical": 20,
          }
        }
      >
        <relatedPoll
          border={true}
          isPollActive={true}
          onPressVote={[Function]}
          option={
            Array [
              "India",
              "West Indies",
              "Australia",
              "England",
            ]
          }
          question="Who are your favorites for the World Cup 2020?"
          timeLeft={2}
          voterIcons={
            Array [
              Object {
                "default": "",
              },
              Object {
                "default": "",
              },
              Object {
                "default": "",
              },
            ]
          }
          votes={54}
        />
      </View>
      <View
        key="2"
        style={
          Object {
            "marginVertical": 20,
          }
        }
      >
        <relatedPoll
          border={true}
          isPollActive={true}
          onPressVote={[Function]}
          option={
            Array [
              "India",
              "West Indies",
              "Australia",
              "England",
            ]
          }
          question="Who are your favorites for the World Cup 2020?"
          timeLeft={2}
          voterIcons={
            Array [
              Object {
                "default": "",
              },
              Object {
                "default": "",
              },
              Object {
                "default": "",
              },
            ]
          }
          votes={54}
        />
      </View>
    </View>
  </ScrollViewMock>
</View>
`;
